[0.010s] Invoking command in '/home/damien/DeltaCNC/ROS2_sim/build/delta_cnc_controller': CMAKE_PREFIX_PATH=${CMAKE_PREFIX_PATH}:/opt/ros/jazzy DEBUGINFOD_URLS=https://debuginfod.ubuntu.com /usr/bin/cmake --build /home/damien/DeltaCNC/ROS2_sim/build/delta_cnc_controller -- -j8 -l8
[0.043s] -- Found ament_cmake: 2.5.2 (/opt/ros/jazzy/share/ament_cmake/cmake)
[0.244s] -- Found rclcpp: 28.1.5 (/opt/ros/jazzy/share/rclcpp/cmake)
[0.291s] -- Found rosidl_generator_c: 4.6.4 (/opt/ros/jazzy/share/rosidl_generator_c/cmake)
[0.307s] -- Found rosidl_generator_cpp: 4.6.4 (/opt/ros/jazzy/share/rosidl_generator_cpp/cmake)
[0.328s] -- Using all available rosidl_typesupport_c: rosidl_typesupport_fastrtps_c;rosidl_typesupport_introspection_c
[0.340s] -- Using all available rosidl_typesupport_cpp: rosidl_typesupport_fastrtps_cpp;rosidl_typesupport_introspection_cpp
[0.388s] -- Found rmw_implementation_cmake: 7.3.1 (/opt/ros/jazzy/share/rmw_implementation_cmake/cmake)
[0.390s] -- Found rmw_fastrtps_cpp: 8.4.1 (/opt/ros/jazzy/share/rmw_fastrtps_cpp/cmake)
[0.446s] -- Using RMW implementation 'rmw_fastrtps_cpp' as default
[0.492s] -- Found ament_lint_auto: 0.17.1 (/opt/ros/jazzy/share/ament_lint_auto/cmake)
[0.563s] -- Added test 'cppcheck' to perform static code analysis on C / C++ code
[0.563s] -- Configured cppcheck include dirs: 
[0.563s] -- Configured cppcheck exclude dirs and/or files: 
[0.564s] -- Added test 'lint_cmake' to check CMake code style
[0.564s] -- Added test 'uncrustify' to check C / C++ code style
[0.565s] -- Configured uncrustify additional arguments: 
[0.565s] -- Added test 'xmllint' to check XML markup files
[0.565s] -- Configuring done (0.5s)
[0.568s] [31mCMake Error at CMakeLists.txt:24 (add_executable):
[0.568s]   Cannot find source file:
[0.569s] 
[0.569s]     src/scara_robot_simulation.cpp
[0.569s] 
[0.570s]   Tried extensions .c .C .c++ .cc .cpp .cxx .cu .mpp .m .M .mm .ixx .cppm
[0.570s]   .ccm .cxxm .c++m .h .hh .h++ .hm .hpp .hxx .in .txx .f .F .for .f77 .f90
[0.570s]   .f95 .f03 .hip .ispc
[0.570s] 
[0.570s] [0m
[0.571s] [31mCMake Error at CMakeLists.txt:24 (add_executable):
[0.571s]   No SOURCES given to target: scara_robot_simulation
[0.571s] 
[0.571s] [0m
[0.571s] [0mCMake Generate step failed.  Build files cannot be regenerated correctly.[0m
[0.573s] gmake: *** [Makefile:226: cmake_check_build_system] Error 1
[0.574s] Invoked command in '/home/damien/DeltaCNC/ROS2_sim/build/delta_cnc_controller' returned '2': CMAKE_PREFIX_PATH=${CMAKE_PREFIX_PATH}:/opt/ros/jazzy DEBUGINFOD_URLS=https://debuginfod.ubuntu.com /usr/bin/cmake --build /home/damien/DeltaCNC/ROS2_sim/build/delta_cnc_controller -- -j8 -l8
