[0.007s] Invoking command in '/home/damien/DeltaCNC/ROS2_sim/build/delta_cnc_controller': CMAKE_PREFIX_PATH=${CMAKE_PREFIX_PATH}:/opt/ros/jazzy DEBUGINFOD_URLS=https://debuginfod.ubuntu.com /usr/bin/cmake /home/damien/DeltaCNC/ROS2_sim/src/delta_cnc_controller -DCMAKE_INSTALL_PREFIX=/home/damien/DeltaCNC/ROS2_sim/install/delta_cnc_controller
[0.096s] -- The C compiler identification is GNU 13.3.0
[0.180s] -- The CXX compiler identification is GNU 13.3.0
[0.198s] -- Detecting C compiler ABI info
[0.284s] -- Detecting C compiler ABI info - done
[0.301s] -- Check for working C compiler: /usr/bin/cc - skipped
[0.301s] -- Detecting C compile features
[0.302s] -- Detecting C compile features - done
[0.309s] -- Detecting CXX compiler ABI info
[0.376s] -- Detecting CXX compiler ABI info - done
[0.385s] -- Check for working CXX compiler: /usr/bin/c++ - skipped
[0.385s] -- Detecting CXX compile features
[0.386s] -- Detecting CXX compile features - done
[0.391s] -- Found ament_cmake: 2.5.2 (/opt/ros/jazzy/share/ament_cmake/cmake)
[0.516s] -- Found Python3: /usr/bin/python3 (found version "3.12.3") found components: Interpreter 
[0.594s] -- Found rclcpp: 28.1.5 (/opt/ros/jazzy/share/rclcpp/cmake)
[0.636s] -- Found rosidl_generator_c: 4.6.4 (/opt/ros/jazzy/share/rosidl_generator_c/cmake)
[0.647s] -- Found rosidl_generator_cpp: 4.6.4 (/opt/ros/jazzy/share/rosidl_generator_cpp/cmake)
[0.662s] -- Using all available rosidl_typesupport_c: rosidl_typesupport_fastrtps_c;rosidl_typesupport_introspection_c
[0.677s] -- Using all available rosidl_typesupport_cpp: rosidl_typesupport_fastrtps_cpp;rosidl_typesupport_introspection_cpp
[0.737s] -- Found rmw_implementation_cmake: 7.3.1 (/opt/ros/jazzy/share/rmw_implementation_cmake/cmake)
[0.740s] -- Found rmw_fastrtps_cpp: 8.4.1 (/opt/ros/jazzy/share/rmw_fastrtps_cpp/cmake)
[0.807s] -- Found OpenSSL: /usr/lib/aarch64-linux-gnu/libcrypto.so (found version "3.0.13")  
[0.821s] -- Found FastRTPS: /opt/ros/jazzy/include (Required is at least version "2.13") 
[0.842s] -- Using RMW implementation 'rmw_fastrtps_cpp' as default
[0.898s] -- Found ament_lint_auto: 0.17.1 (/opt/ros/jazzy/share/ament_lint_auto/cmake)
[0.960s] -- Added test 'lint_cmake' to check CMake code style
[0.961s] -- Added test 'xmllint' to check XML markup files
[0.962s] -- Configuring done (0.9s)
[0.965s] -- Generating done (0.0s)
[0.966s] -- Build files have been written to: /home/damien/DeltaCNC/ROS2_sim/build/delta_cnc_controller
[0.971s] Invoked command in '/home/damien/DeltaCNC/ROS2_sim/build/delta_cnc_controller' returned '0': CMAKE_PREFIX_PATH=${CMAKE_PREFIX_PATH}:/opt/ros/jazzy DEBUGINFOD_URLS=https://debuginfod.ubuntu.com /usr/bin/cmake /home/damien/DeltaCNC/ROS2_sim/src/delta_cnc_controller -DCMAKE_INSTALL_PREFIX=/home/damien/DeltaCNC/ROS2_sim/install/delta_cnc_controller
[0.971s] Invoking command in '/home/damien/DeltaCNC/ROS2_sim/build/delta_cnc_controller': CMAKE_PREFIX_PATH=${CMAKE_PREFIX_PATH}:/opt/ros/jazzy DEBUGINFOD_URLS=https://debuginfod.ubuntu.com /usr/bin/cmake --build /home/damien/DeltaCNC/ROS2_sim/build/delta_cnc_controller -- -j8 -l8
[1.000s] Invoked command in '/home/damien/DeltaCNC/ROS2_sim/build/delta_cnc_controller' returned '0': CMAKE_PREFIX_PATH=${CMAKE_PREFIX_PATH}:/opt/ros/jazzy DEBUGINFOD_URLS=https://debuginfod.ubuntu.com /usr/bin/cmake --build /home/damien/DeltaCNC/ROS2_sim/build/delta_cnc_controller -- -j8 -l8
[1.006s] Invoking command in '/home/damien/DeltaCNC/ROS2_sim/build/delta_cnc_controller': CMAKE_PREFIX_PATH=${CMAKE_PREFIX_PATH}:/opt/ros/jazzy DEBUGINFOD_URLS=https://debuginfod.ubuntu.com /usr/bin/cmake --install /home/damien/DeltaCNC/ROS2_sim/build/delta_cnc_controller
[1.014s] -- Install configuration: ""
[1.015s] -- Installing: /home/damien/DeltaCNC/ROS2_sim/install/delta_cnc_controller/share/ament_index/resource_index/package_run_dependencies/delta_cnc_controller
[1.015s] -- Installing: /home/damien/DeltaCNC/ROS2_sim/install/delta_cnc_controller/share/ament_index/resource_index/parent_prefix_path/delta_cnc_controller
[1.015s] -- Installing: /home/damien/DeltaCNC/ROS2_sim/install/delta_cnc_controller/share/delta_cnc_controller/environment/ament_prefix_path.sh
[1.015s] -- Installing: /home/damien/DeltaCNC/ROS2_sim/install/delta_cnc_controller/share/delta_cnc_controller/environment/ament_prefix_path.dsv
[1.015s] -- Installing: /home/damien/DeltaCNC/ROS2_sim/install/delta_cnc_controller/share/delta_cnc_controller/environment/path.sh
[1.015s] -- Installing: /home/damien/DeltaCNC/ROS2_sim/install/delta_cnc_controller/share/delta_cnc_controller/environment/path.dsv
[1.015s] -- Installing: /home/damien/DeltaCNC/ROS2_sim/install/delta_cnc_controller/share/delta_cnc_controller/local_setup.bash
[1.016s] -- Installing: /home/damien/DeltaCNC/ROS2_sim/install/delta_cnc_controller/share/delta_cnc_controller/local_setup.sh
[1.016s] -- Installing: /home/damien/DeltaCNC/ROS2_sim/install/delta_cnc_controller/share/delta_cnc_controller/local_setup.zsh
[1.016s] -- Installing: /home/damien/DeltaCNC/ROS2_sim/install/delta_cnc_controller/share/delta_cnc_controller/local_setup.dsv
[1.016s] -- Installing: /home/damien/DeltaCNC/ROS2_sim/install/delta_cnc_controller/share/delta_cnc_controller/package.dsv
[1.016s] -- Installing: /home/damien/DeltaCNC/ROS2_sim/install/delta_cnc_controller/share/ament_index/resource_index/packages/delta_cnc_controller
[1.016s] -- Installing: /home/damien/DeltaCNC/ROS2_sim/install/delta_cnc_controller/share/delta_cnc_controller/cmake/delta_cnc_controllerConfig.cmake
[1.016s] -- Installing: /home/damien/DeltaCNC/ROS2_sim/install/delta_cnc_controller/share/delta_cnc_controller/cmake/delta_cnc_controllerConfig-version.cmake
[1.016s] -- Installing: /home/damien/DeltaCNC/ROS2_sim/install/delta_cnc_controller/share/delta_cnc_controller/package.xml
[1.018s] Invoked command in '/home/damien/DeltaCNC/ROS2_sim/build/delta_cnc_controller' returned '0': CMAKE_PREFIX_PATH=${CMAKE_PREFIX_PATH}:/opt/ros/jazzy DEBUGINFOD_URLS=https://debuginfod.ubuntu.com /usr/bin/cmake --install /home/damien/DeltaCNC/ROS2_sim/build/delta_cnc_controller
